Acceptance: boundary-sweep
Acceptance: vision-conformance
Acceptance: boundary-conformance
Acceptance: boundary-cpu-conformance
Acceptance: certification
Acceptance: controlled-conformance
Acceptance: dataframe-conformance
Acceptance: extended
Acceptance: migration-smoke
Acceptance: migration
Acceptance: model-conformance
Acceptance: neural-conformance
Acceptance: neural-cpu-conformance
Acceptance: neural-loader-conformance
Acceptance: nist
Acceptance: numerical-binary64
Acceptance: numerical-conformance
Acceptance: public-data
Acceptance: public-smoke
Acceptance: smoke
Acceptance: standard
Acceptance: supervised-conformance
{
  "status": "failed",
  "coverage_complete": false
}
