dataframe-gather-int64-swiftsci-0: passed
dataframe-gather-int64-pandas-0: passed
dataframe-gather-empty-swiftsci-0: passed
dataframe-gather-empty-pandas-0: passed
dataframe-select-order-swiftsci-0: passed
dataframe-select-order-pandas-0: passed
dataframe-sort-int64-asc-swiftsci-0: passed
dataframe-sort-int64-asc-pandas-0: passed
dataframe-sort-int64-desc-swiftsci-0: passed
dataframe-sort-int64-desc-pandas-0: passed
dataframe-filter-int64-exact-swiftsci-0: passed
dataframe-filter-int64-exact-pandas-0: passed
dataframe-filter-empty-swiftsci-0: passed
dataframe-filter-empty-pandas-0: passed
dataframe-matrix-nullable-swiftsci-0: passed
dataframe-matrix-nullable-pandas-0: passed
dataframe-matrix-nonsquare-swiftsci-0: passed
dataframe-matrix-nonsquare-pandas-0: passed
dataframe-matrix-duplicate-swiftsci-0: passed
dataframe-matrix-duplicate-pandas-0: passed
dataframe-matrix-empty-selection-swiftsci-0: passed
dataframe-matrix-empty-selection-pandas-0: passed
dataframe-replace-isolation-swiftsci-0: passed
dataframe-replace-isolation-pandas-0: passed
dataframe-group-string-components-swiftsci-0: passed
dataframe-group-string-components-pandas-0: passed
dataframe-group-int64-swiftsci-0: passed
dataframe-group-int64-pandas-0: passed
dataframe-filter-float-eq-swiftsci-0: passed
dataframe-filter-float-eq-pandas-0: passed
dataframe-filter-float-ne-swiftsci-0: passed
dataframe-filter-float-ne-pandas-0: passed
dataframe-filter-float-lt-swiftsci-0: passed
dataframe-filter-float-lt-pandas-0: passed
dataframe-filter-float-le-swiftsci-0: passed
dataframe-filter-float-le-pandas-0: passed
dataframe-filter-float-gt-swiftsci-0: passed
dataframe-filter-float-gt-pandas-0: passed
dataframe-filter-float-ge-swiftsci-0: passed
dataframe-filter-float-ge-pandas-0: passed
dataframe-filter-float-isnull-swiftsci-0: passed
dataframe-filter-float-isnull-pandas-0: passed
dataframe-filter-float-isnotnull-swiftsci-0: passed
dataframe-filter-float-isnotnull-pandas-0: passed
dataframe-sort-float-asc-swiftsci-0: passed
dataframe-sort-float-asc-pandas-0: passed
dataframe-sort-float-desc-swiftsci-0: passed
dataframe-sort-float-desc-pandas-0: passed
Certificate: passed
