tiny-csv-read-swiftsci-0: passed
tiny-csv-read-pandas-0: passed
tiny-filter-swiftsci-0: passed
tiny-filter-pandas-0: passed
tiny-sort-swiftsci-0: passed
tiny-sort-pandas-0: passed
tiny-group-sum-swiftsci-0: passed
tiny-group-sum-pandas-0: passed
tiny-flat-matrix-swiftsci-0: passed
tiny-flat-matrix-pandas-0: passed
tiny-target-swiftsci-0: passed
tiny-target-pandas-0: passed
tiny-standard-scale-swiftsci-0: passed
tiny-standard-scale-pandas-0: passed
tiny-minmax-scale-swiftsci-0: passed
tiny-minmax-scale-pandas-0: passed
tiny-mean-swiftsci-0: passed
tiny-mean-pandas-0: passed
tiny-variance-swiftsci-0: passed
tiny-variance-pandas-0: passed
tiny-stddev-swiftsci-0: passed
tiny-stddev-pandas-0: passed
nist-mean-swiftsci-0: passed
nist-mean-pandas-0: passed
nist-variance-swiftsci-0: passed
nist-variance-pandas-0: passed
nist-stddev-swiftsci-0: passed
nist-stddev-pandas-0: passed
Certificate: passed
