controlled-kalman-constant-velocity-swiftsci-0: passed
controlled-kalman-constant-velocity-pandas-0: passed
controlled-kalman-scalar-swiftsci-0: passed
controlled-kalman-scalar-pandas-0: passed
controlled-kmeans-one-mean-swiftsci-0: passed
controlled-kmeans-one-mean-pandas-0: passed
controlled-linear-fixed-affine-swiftsci-0: failed
controlled-linear-fixed-affine-pandas-0: passed
controlled-logistic-fixed-mixed-logits-swiftsci-0: failed
controlled-logistic-fixed-mixed-logits-pandas-0: passed
controlled-cosine-distinct-swiftsci-0: passed
controlled-cosine-distinct-pandas-0: passed
controlled-cosine-small-norm-swiftsci-0: failed
controlled-cosine-small-norm-pandas-0: passed
controlled-cosine-ties-complete-swiftsci-0: passed
controlled-cosine-ties-complete-pandas-0: passed
controlled-kernel-affine-swiftsci-0: passed
controlled-kernel-affine-pandas-0: passed
controlled-kernel-interaction-swiftsci-0: passed
controlled-kernel-interaction-pandas-0: passed
Certificate: failed
