neural-cpu-learned-full-swiftsci-0: passed
neural-cpu-learned-full-pandas-0: passed
neural-cpu-learned-cached-swiftsci-0: passed
neural-cpu-learned-cached-pandas-0: passed
neural-cpu-rope-full-swiftsci-0: passed
neural-cpu-rope-full-pandas-0: passed
neural-cpu-rope-cached-swiftsci-0: passed
neural-cpu-rope-cached-pandas-0: passed
neural-cpu-zero-projections-swiftsci-0: passed
neural-cpu-zero-projections-pandas-0: passed
neural-gpu-learned-full-swiftsci-0: passed
neural-gpu-learned-full-pandas-0: passed
neural-gpu-learned-cached-swiftsci-0: passed
neural-gpu-learned-cached-pandas-0: passed
neural-gpu-rope-full-swiftsci-0: passed
neural-gpu-rope-full-pandas-0: passed
neural-gpu-rope-cached-swiftsci-0: failed
neural-gpu-rope-cached-pandas-0: passed
neural-gpu-zero-projections-swiftsci-0: passed
neural-gpu-zero-projections-pandas-0: passed
Certificate: failed
