PASS: complete validated run with matching certificate
/Users/crabel/Documents/src/SwiftSci/Benchmarks/Data/standardized/c8e261e6b8288f69b038188f2ca72f53b606906aa8ac16d73563b964a256e9cf.data
/Users/crabel/Documents/src/SwiftSci/Benchmarks/Data/standardized/7e203e83342ecf61fd4bc12c4f995e352ed0d43c0b3753f23fd085d5fafac25b.data
/Users/crabel/Documents/src/SwiftSci/Benchmarks/Data/standardized/f54f1488ea72487f6604930ccb5c1d1b5e75e2aa540ffe720c1d1a4de26abc94.data
medium-uniform-h2o-q1-swiftsci-0: passed
medium-uniform-h2o-q1-pandas-0: passed
medium-uniform-h2o-q1-pandas-1: passed
medium-uniform-h2o-q1-swiftsci-1: passed
medium-uniform-h2o-q1-swiftsci-2: passed
medium-uniform-h2o-q1-pandas-2: passed
medium-uniform-h2o-q2-swiftsci-0: passed
medium-uniform-h2o-q2-pandas-0: passed
medium-uniform-h2o-q2-pandas-1: passed
medium-uniform-h2o-q2-swiftsci-1: passed
medium-uniform-h2o-q2-swiftsci-2: passed
medium-uniform-h2o-q2-pandas-2: passed
medium-uniform-h2o-q3-swiftsci-0: passed
medium-uniform-h2o-q3-pandas-0: passed
medium-uniform-h2o-q3-pandas-1: passed
medium-uniform-h2o-q3-swiftsci-1: passed
medium-uniform-h2o-q3-swiftsci-2: passed
medium-uniform-h2o-q3-pandas-2: passed
medium-uniform-h2o-q4-swiftsci-0: passed
medium-uniform-h2o-q4-pandas-0: passed
medium-uniform-h2o-q4-pandas-1: passed
medium-uniform-h2o-q4-swiftsci-1: passed
medium-uniform-h2o-q4-swiftsci-2: passed
medium-uniform-h2o-q4-pandas-2: passed
medium-uniform-h2o-q5-swiftsci-0: passed
medium-uniform-h2o-q5-pandas-0: passed
medium-uniform-h2o-q5-pandas-1: passed
medium-uniform-h2o-q5-swiftsci-1: passed
medium-uniform-h2o-q5-swiftsci-2: passed
medium-uniform-h2o-q5-pandas-2: passed
medium-hot-key-h2o-q1-swiftsci-0: passed
medium-hot-key-h2o-q1-pandas-0: passed
medium-hot-key-h2o-q1-pandas-1: passed
medium-hot-key-h2o-q1-swiftsci-1: passed
medium-hot-key-h2o-q1-swiftsci-2: passed
medium-hot-key-h2o-q1-pandas-2: passed
medium-hot-key-h2o-q2-swiftsci-0: passed
medium-hot-key-h2o-q2-pandas-0: passed
medium-hot-key-h2o-q2-pandas-1: passed
medium-hot-key-h2o-q2-swiftsci-1: passed
medium-hot-key-h2o-q2-swiftsci-2: passed
medium-hot-key-h2o-q2-pandas-2: passed
medium-hot-key-h2o-q3-swiftsci-0: passed
medium-hot-key-h2o-q3-pandas-0: passed
medium-hot-key-h2o-q3-pandas-1: passed
medium-hot-key-h2o-q3-swiftsci-1: passed
medium-hot-key-h2o-q3-swiftsci-2: passed
medium-hot-key-h2o-q3-pandas-2: passed
medium-hot-key-h2o-q4-swiftsci-0: passed
medium-hot-key-h2o-q4-pandas-0: passed
medium-hot-key-h2o-q4-pandas-1: passed
medium-hot-key-h2o-q4-swiftsci-1: passed
medium-hot-key-h2o-q4-swiftsci-2: passed
medium-hot-key-h2o-q4-pandas-2: passed
medium-hot-key-h2o-q5-swiftsci-0: passed
medium-hot-key-h2o-q5-pandas-0: passed
medium-hot-key-h2o-q5-pandas-1: passed
medium-hot-key-h2o-q5-swiftsci-1: passed
medium-hot-key-h2o-q5-swiftsci-2: passed
medium-hot-key-h2o-q5-pandas-2: passed
wine-red-pipeline-swiftsci-0: passed
wine-red-pipeline-pandas-0: passed
wine-red-pipeline-pandas-1: passed
wine-red-pipeline-swiftsci-1: passed
wine-red-pipeline-swiftsci-2: passed
wine-red-pipeline-pandas-2: passed
Certificate: passed
PASS: complete validated run with matching certificate
/Users/crabel/Documents/src/SwiftSci/Benchmarks/Data/standardized/ca310dc767f5130f980f8280bbe69e26ba414a4d85a89fc11b6c767b828e5fe4.data
/Users/crabel/Documents/src/SwiftSci/Benchmarks/Data/standardized/1a42d091f1ead6bc8c43acce1dae5957d7e51270b22c06034b0f25577d84554c.data
tiny-csv-read-swiftsci-0: passed
tiny-csv-read-pandas-0: passed
tiny-filter-swiftsci-0: passed
tiny-filter-pandas-0: passed
tiny-sort-swiftsci-0: passed
tiny-sort-pandas-0: passed
tiny-group-sum-swiftsci-0: passed
tiny-group-sum-pandas-0: passed
tiny-flat-matrix-swiftsci-0: passed
tiny-flat-matrix-pandas-0: passed
tiny-target-swiftsci-0: passed
tiny-target-pandas-0: passed
tiny-standard-scale-swiftsci-0: passed
tiny-standard-scale-pandas-0: passed
tiny-minmax-scale-swiftsci-0: passed
tiny-minmax-scale-pandas-0: passed
tiny-mean-swiftsci-0: passed
tiny-mean-pandas-0: passed
tiny-variance-swiftsci-0: passed
tiny-variance-pandas-0: passed
tiny-stddev-swiftsci-0: passed
tiny-stddev-pandas-0: passed
nist-mean-swiftsci-0: passed
nist-mean-pandas-0: passed
nist-variance-swiftsci-0: passed
nist-variance-pandas-0: passed
nist-stddev-swiftsci-0: passed
nist-stddev-pandas-0: passed
Certificate: passed
PASS: complete validated run with matching certificate
/Users/crabel/Documents/src/SwiftSci/Benchmarks/Data/standardized/30e74492d9b86a88875a32df4b085ca60b69722bf2a974bdd7776436ca4c86fe.data
/Users/crabel/Documents/src/SwiftSci/Benchmarks/Data/standardized/fb30571e88c6b2d6b1bbce947b010a8c3f790565f08919ecfaafc22a1b985af8.data
/Users/crabel/Documents/src/SwiftSci/Benchmarks/Data/standardized/1a42d091f1ead6bc8c43acce1dae5957d7e51270b22c06034b0f25577d84554c.data
tiny-csv-stream-read-swiftsci-0: passed
tiny-csv-stream-read-pandas-0: passed
tiny-csv-stream-filter-swiftsci-0: passed
tiny-csv-stream-filter-pandas-0: passed
tiny-csv-stream-group-swiftsci-0: passed
tiny-csv-stream-group-pandas-0: passed
tiny-group-sum-mean-swiftsci-0: passed
tiny-group-sum-mean-pandas-0: passed
tiny-row-sum-swiftsci-0: passed
tiny-row-sum-pandas-0: passed
tiny-inner-join-swiftsci-0: passed
tiny-inner-join-pandas-0: passed
tiny-pearson-swiftsci-0: passed
tiny-pearson-pandas-0: passed
tiny-spearman-swiftsci-0: passed
tiny-spearman-pandas-0: passed
mixed-tiny-csv-read-swiftsci-0: passed
mixed-tiny-csv-read-pandas-0: passed
mixed-tiny-csv-stream-read-swiftsci-0: passed
mixed-tiny-csv-stream-read-pandas-0: passed
mixed-tiny-csv-stream-filter-swiftsci-0: passed
mixed-tiny-csv-stream-filter-pandas-0: passed
mixed-tiny-csv-stream-group-swiftsci-0: passed
mixed-tiny-csv-stream-group-pandas-0: passed
mixed-tiny-filter-swiftsci-0: passed
mixed-tiny-filter-pandas-0: passed
mixed-tiny-group-sum-mean-swiftsci-0: passed
mixed-tiny-group-sum-mean-pandas-0: passed
mixed-tiny-sort-swiftsci-0: passed
mixed-tiny-sort-pandas-0: passed
mixed-tiny-flat-matrix-swiftsci-0: passed
mixed-tiny-flat-matrix-pandas-0: passed
mixed-tiny-row-sum-swiftsci-0: passed
mixed-tiny-row-sum-pandas-0: passed
mixed-tiny-inner-join-swiftsci-0: passed
mixed-tiny-inner-join-pandas-0: passed
mixed-tiny-parquet-write-swiftsci-0: passed
mixed-tiny-parquet-write-pandas-0: passed
mixed-tiny-standard-scale-swiftsci-0: passed
mixed-tiny-standard-scale-pandas-0: passed
mixed-tiny-minmax-scale-swiftsci-0: passed
mixed-tiny-minmax-scale-pandas-0: passed
parquet-tiny-read-swiftsci-0: passed
parquet-tiny-read-pandas-0: passed
tiny-welch-swiftsci-0: passed
tiny-welch-pandas-0: passed
tiny-regression-metrics-swiftsci-0: passed
tiny-regression-metrics-pandas-0: passed
tiny-roc-auc-swiftsci-0: passed
tiny-roc-auc-pandas-0: passed
tiny-onehot-swiftsci-0: passed
tiny-onehot-pandas-0: passed
tiny-tfidf-swiftsci-0: passed
tiny-tfidf-pandas-0: passed
tiny-sqlite-ingest-swiftsci-0: passed
tiny-sqlite-ingest-pandas-0: passed
tiny-rag-summary-swiftsci-0: passed
tiny-rag-summary-pandas-0: passed
tiny-pool-dice-swiftsci-0: passed
tiny-pool-dice-pandas-0: passed
tiny-mean-swiftsci-0: passed
tiny-mean-pandas-0: passed
tiny-variance-swiftsci-0: passed
tiny-variance-pandas-0: passed
tiny-stddev-swiftsci-0: passed
tiny-stddev-pandas-0: passed
tiny-student-swiftsci-0: passed
tiny-student-pandas-0: passed
tiny-paired-swiftsci-0: passed
tiny-paired-pandas-0: passed
tiny-anova-swiftsci-0: passed
tiny-anova-pandas-0: passed
Certificate: passed
PASS: complete validated run with matching certificate
/Users/crabel/Documents/src/SwiftSci/Benchmarks/Data/standardized/081b231f686d01fa00247b8072909206947c8321bd62e060d9aaae5f4866c44e.data
/Users/crabel/Documents/src/SwiftSci/Benchmarks/Data/standardized/956cb33392ee28683aa7978326fc356d1461e4a3b0e5a69d317fd481d02d6255.data
/Users/crabel/Documents/src/SwiftSci/Benchmarks/Data/standardized/6b967538d6a607fdf30df054c6fbf4ca6bfb4fa6dc2ecbe613d4f93237a0b1dd.data
/Users/crabel/Documents/src/SwiftSci/Benchmarks/Data/standardized/68cad435641539ca020adafb4c9a6b7fcc4fefe1d6ab8f2af8fb858d4f1b12ab.data
/Users/crabel/Documents/src/SwiftSci/Benchmarks/Data/standardized/ce7c7a0fc6d7cedd0d5e1f9911afb9337544be6836730beb9968ca0a4571d375.data
/Users/crabel/Documents/src/SwiftSci/Benchmarks/Data/standardized/5be29522dfbe299541f0ec98ec1c22a51a5587bf06561ba21a92c209fb7ef0f9.data
/Users/crabel/Documents/src/SwiftSci/Benchmarks/Data/standardized/66df1b96596735936f37fd889e7c1c6ce998eb2b523bfc46c98ec1737e992aec.data
/Users/crabel/Documents/src/SwiftSci/Benchmarks/Data/standardized/ca310dc767f5130f980f8280bbe69e26ba414a4d85a89fc11b6c767b828e5fe4.data
/Users/crabel/Documents/src/SwiftSci/Benchmarks/Data/standardized/e9421a2f4c0a31c505099332b4d22e507e808953c3c57bddae9226f25587d7d2.data
nist-pidigits-mean-swiftsci-0: passed
nist-pidigits-mean-pandas-0: passed
nist-pidigits-variance-swiftsci-0: passed
nist-pidigits-variance-pandas-0: passed
nist-pidigits-stddev-swiftsci-0: passed
nist-pidigits-stddev-pandas-0: passed
nist-lottery-mean-swiftsci-0: passed
nist-lottery-mean-pandas-0: passed
nist-lottery-variance-swiftsci-0: passed
nist-lottery-variance-pandas-0: passed
nist-lottery-stddev-swiftsci-0: passed
nist-lottery-stddev-pandas-0: passed
nist-lew-mean-swiftsci-0: passed
nist-lew-mean-pandas-0: passed
nist-lew-variance-swiftsci-0: passed
nist-lew-variance-pandas-0: passed
nist-lew-stddev-swiftsci-0: passed
nist-lew-stddev-pandas-0: passed
nist-mavro-mean-swiftsci-0: passed
nist-mavro-mean-pandas-0: passed
nist-mavro-variance-swiftsci-0: passed
nist-mavro-variance-pandas-0: passed
nist-mavro-stddev-swiftsci-0: passed
nist-mavro-stddev-pandas-0: passed
nist-michelso-mean-swiftsci-0: passed
nist-michelso-mean-pandas-0: passed
nist-michelso-variance-swiftsci-0: passed
nist-michelso-variance-pandas-0: passed
nist-michelso-stddev-swiftsci-0: passed
nist-michelso-stddev-pandas-0: passed
nist-numacc1-mean-swiftsci-0: passed
nist-numacc1-mean-pandas-0: passed
nist-numacc1-variance-swiftsci-0: passed
nist-numacc1-variance-pandas-0: passed
nist-numacc1-stddev-swiftsci-0: passed
nist-numacc1-stddev-pandas-0: passed
nist-numacc2-mean-swiftsci-0: passed
nist-numacc2-mean-pandas-0: passed
nist-numacc2-variance-swiftsci-0: passed
nist-numacc2-variance-pandas-0: passed
nist-numacc2-stddev-swiftsci-0: passed
nist-numacc2-stddev-pandas-0: passed
nist-numacc3-mean-swiftsci-0: passed
nist-numacc3-mean-pandas-0: passed
nist-numacc3-variance-swiftsci-0: passed
nist-numacc3-variance-pandas-0: passed
nist-numacc3-stddev-swiftsci-0: passed
nist-numacc3-stddev-pandas-0: passed
nist-numacc4-mean-swiftsci-0: passed
nist-numacc4-mean-pandas-0: passed
nist-numacc4-variance-swiftsci-0: passed
nist-numacc4-variance-pandas-0: passed
nist-numacc4-stddev-swiftsci-0: passed
nist-numacc4-stddev-pandas-0: passed
Certificate: passed
PASS: complete validated run with matching certificate
